../Core/Src/main.c:76:5:main	8	static
../Core/Src/main.c:127:6:SystemClock_Config	88	static
../Core/Src/main.c:174:13:MX_TIM3_Init	32	static
../Core/Src/main.c:226:13:MX_USART2_UART_Init	8	static
../Core/Src/main.c:259:13:MX_GPIO_Init	48	static
../Core/Src/main.c:288:6:imprimir_serial	72	static
../Core/Src/main.c:293:6:HAL_TIM_IC_CaptureCallback	16	static
../Core/Src/main.c:327:6:LeerD0	8	static
../Core/Src/main.c:339:6:LeerD1	8	static
../Core/Src/main.c:353:9:wiegand_disponible	16	static
../Core/Src/main.c:387:10:GetCardId	24	static
../Core/Src/main.c:413:6:Error_Handler	4	static,ignoring_inline_asm
